[Licensing::Module] Trying to connect to existing licensing client channel...
[Licensing::IpcConnector] Successfully connected to: "LicenseClient-TS" at "2026-10-02T09:33:43.3817606Z"
Built from '6000.5/staging' branch; Version is '6000.5.5f1 (d16e074b49fd) revision 13725191'; Using compiler version '194234433'; Build Type 'Release'
OS: 'Windows 11  (10.0.26200) CoreCountrySpecific' Language: 'zh' Physical Memory: 32189 MB
BatchMode: 1, IsHumanControllingUs: 0, StartBugReporterOnCrash: 0, Is64bit: 1
System  architecture: x64
Process architecture: x64
Date: 2026-10-02T09:33:43Z
[Licensing::Client] Code 10 while verifying Licensing Client signature (process Id: 68280, path: "D:/2022.3.62f3c1/Editor/Data/Resources/Licensing/Client/Unity.Licensing.Client.exe")
[Licensing::Module] LicensingClient has failed validation; ignoring
[Licensing::Client] Error: HandshakeResponse reported an error:
	ResponseCode: 505
	ResponseStatus: Unsupported protocol version '1.18.1'.
[Licensing::Module] Error: Failed to handshake to channel: "LicenseClient-TS"
[Licensing::IpcConnector] LicenseClient-TS channel disconnected successfully.
[Licensing::IpcConnector] Successfully connected to: "LicenseClient-TS-6000.5.5" at "2026-10-02T09:33:43.4381433Z"
[Licensing::Client] Code 10 while verifying Licensing Client signature (process Id: 76708, path: "D:/Unity6.5/Unity6.50f1/Editor/Data/Resources/Licensing/Client/Unity.Licensing.Client.exe")
[Licensing::Module] LicensingClient has failed validation; ignoring
[Licensing::Client] Handshaking with LicensingClient:
  Version:                 1.18.1+9fbee8e
  Session Id:              bc15ea135fda4a288e21cbdfe0578592
  Correlation Id:          6a6597baf5ed10e1e022e1dd9d0fbcc5
  External correlation Id: 6784949232011159665
  Machine Id:              FUsKpifI5BIn3GVS4TXSqZs/aJw=
[Licensing::Module] Successfully connected to LicensingClient on channel: "LicenseClient-TS-6000.5.5" (connect: 0.00s, validation: 0.00s, handshake: 0.01s)
[Licensing::IpcConnector] Successfully connected to: "LicenseClient-TS-6000.5.5-notifications" at "2026-10-02T09:33:43.4472696Z"
[Licensing::Module] Licensing Background thread has ended after 0.07s

COMMAND LINE ARGUMENTS:
D:\Unity6.5\Unity6.50f1\Editor\Unity.exe
-adb2
-batchMode
-noUpm
-name
AssetImportWorkerHW4
-projectPath
D:/Magnetic
-logFile
Logs/AssetImportWorkerHW4.log
-srvPort
64998
-parentPid
62084
-analyticsLocalProjectId
41adef074c7cba842a3126e272eb0603
-licensingIpc
LicenseClient-TS
-noDiagnosticSwitchPersistentStore
-job-worker-count
11
-background-job-worker-count
8
-asset-garbage-collectors
1
-force-d3d12
-name
AssetImport
Successfully changed project path to: D:/Magnetic
D:/Magnetic
[UnityMemory] Configuration Parameters - Can be set up in boot.config
    "memorysetup-temp-allocator-size-gi-baking-worker=262144"
    "memorysetup-temp-allocator-size-gi-baking-worker=262144"
    "memorysetup-temp-allocator-size-gi-baking-worker=262144"
    "memorysetup-temp-allocator-size-gi-baking-worker=262144"
    "memorysetup-temp-allocator-size-gi-baking-worker=262144"
    "memorysetup-temp-allocator-size-nav-mesh-worker=65536"
    "memorysetup-temp-allocator-size-audio-worker=65536"
    "memorysetup-temp-allocator-size-cloud-worker=32768"
    "memorysetup-temp-allocator-size-gfx=262144"
    "memorysetup-temp-allocator-size-preload-manager=33554432"
    "memorysetup-allocator-temp-initial-block-size-main=262144"
    "memorysetup-allocator-temp-initial-block-size-worker=262144"
    "memorysetup-temp-allocator-size-job-worker=262144"
    "memorysetup-temp-allocator-size-background-worker=32768"
    "memorysetup-bucket-allocator-granularity=16"
    "memorysetup-bucket-allocator-bucket-count=8"
    "memorysetup-bucket-allocator-block-size=33554432"
    "memorysetup-bucket-allocator-block-count=8"
    "memorysetup-main-allocator-block-size=16777216"
    "memorysetup-thread-allocator-block-size=16777216"
    "memorysetup-main-allocator-mimalloc-enabled=0"
    "memorysetup-gfx-main-allocator-block-size=16777216"
    "memorysetup-gfx-thread-allocator-block-size=16777216"
    "memorysetup-cache-allocator-block-size=4194304"
    "memorysetup-typetree-allocator-block-size=2097152"
    "memorysetup-profiler-bucket-allocator-granularity=16"
    "memorysetup-profiler-bucket-allocator-bucket-count=8"
    "memorysetup-profiler-bucket-allocator-block-size=33554432"
    "memorysetup-profiler-bucket-allocator-block-count=8"
    "memorysetup-profiler-allocator-block-size=16777216"
    "memorysetup-profiler-editor-allocator-block-size=1048576"
    "memorysetup-temp-allocator-size-main=16777216"
    "memorysetup-job-temp-allocator-block-size=2097152"
    "memorysetup-job-temp-allocator-block-size-background=1048576"
    "memorysetup-job-temp-allocator-reduction-small-platforms=262144"
Player connection [86912]  Target information:

Player connection [86912]  * "[IP] 192.168.31.237 [Port] 0 [Flags] 2 [Guid] 1265895747 [EditorId] 1265895747 [Version] 1048832 [Id] WindowsEditor(7,LAPTOP-E4B0OE1M) [Debug] 1 [PackageName] WindowsEditor [ProjectName] Editor" 

Player connection [86912] Host joined multi-casting on [225.0.0.222:54997]...
Player connection [86912] Host joined alternative multi-casting on [225.0.0.222:34997]...
JobSystem: Creating JobQueue using job-worker-count value 11
Input System module state changed to: Initialized.
[Physics::Module] Initialized fallback backend.
[Physics::Module] Id: 0xdecafbad
Library Redirect Path: Library/
[Physics::Module] Selected backend.
[Physics::Module] Name: PhysX
[Physics::Module] Id: 0xf2b8ea05
[Physics::Module] SDK Version: 4.1.2
[Physics::Module] Integration Version: 1.0.0
[Physics::Module] Threading Mode: Multi-Threaded
Active build profile path: `Assets/Settings/Build Profiles/Windows.asset`
Got setting from build profile YAML, name `m_BuildTarget`, value `19`
Got setting from build profile YAML, name `m_Subtarget`, value `2`
Initialize engine version: 6000.5.5f1 (d16e074b49fd)
[Subsystems] Discovering subsystems at path D:/Unity6.5/Unity6.50f1/Editor/Data/Resources/UnitySubsystems
[Subsystems] Discovering subsystems at path D:/Magnetic/Assets
Forcing GfxDevice: Direct3D 12
GfxDevice: creating device client; kGfxThreadingModeNonThreaded
d3d12: failed to query info queue interface (0x80004002).
Direct3D:
    Version:         Direct3D 12 [level 12.2]
    Renderer:        NVIDIA GeForce RTX 5060 Laptop GPU (ID=0x2d59)
    Vendor:          NVIDIA
    VRAM:            7899 MB
    App VRAM Budget: 7131 MB
    Driver:          32.0.15.9201
Initialize mono
Mono path[0] = 'D:/Unity6.5/Unity6.50f1/Editor/Data/Managed'
Mono path[1] = 'D:/Unity6.5/Unity6.50f1/Editor/Data/BCLExtensions/runtime/netstandard2.1'
Mono path[2] = 'D:/Unity6.5/Unity6.50f1/Editor/Data/MonoBleedingEdge/lib/mono/unityjit-win32'
Mono config path = 'D:/Unity6.5/Unity6.50f1/Editor/Data/MonoBleedingEdge/etc'
Using monoOptions --debugger-agent=transport=dt_socket,embedding=1,server=y,suspend=n,address=127.0.0.1:56016
CodeReloadManager initialized
Begin MonoManager ReloadAssembly
Registering precompiled unity dll's ...
Register platform support module: D:/Unity6.5/Unity6.50f1/Editor/Data/PlaybackEngines/WindowsStandaloneSupport/UnityEditor.WindowsStandalone.Extensions.dll
Registered in 0.001340 seconds.
Native extension for WindowsStandalone target not found
Package Manager log level set to [2]
[Package Manager] Failed to launch server process. Reason: Unity was launched with the -noUpm command-line argument
[Package Manager] Unable to send message (not connected to server process).
[Package Manager] Cannot connect to Unity Package Manager local server
ScheduleIndexationOnStartup MainProcess:False IndexOnStartup:True
Mono: successfully reloaded assembly
- Finished resetting the current domain, in  0.261 seconds
Domain Reload Profiling: 656ms
	BeginReloadAssembly (124ms)
	RebuildCommonClasses (3ms)
	RebuildNativeTypeToScriptingClass (11ms)
	initialDomainReloadingComplete (52ms)
	LoadAllAssembliesAndSetupDomain (203ms)
		LoadAssemblies (124ms)
		AnalyzeDomain (151ms)
			TypeCache.Refresh (150ms)
				TypeCache.ScanAssembly (138ms)
	FinalizeReload (263ms)
		SetupLoadedEditorAssemblies (0ms)
			BeforeProcessingInitializeOnLoad (67ms)
			ProcessInitializeOnLoadAttributes (68ms)
			ProcessInitializeOnLoadMethodAttributes (80ms)
Initializing Unity extensions:
[Licensing::Client] Successfully resolved entitlement details
[Licensing::Module] License group:
  Id: F4-TTCD-DKTU-8844-ZNFX-XXXX
  Product: Unity Personal
  Type: ULF
  Expiration: 2026-10-12T09:52:43Z
[Licensing::Module] License group:
  Id: ewogICJzdWJzR3JvdXAiIDogInVuaXR5IGVkaXRvciIsCiAgIm5hbWVzcGFjZSIgOiAidW5pdHlfZWRpdG9yIiwKICAidHlwZSIgOiAiRURJVE9SIiwKICAidGFnIiA6ICJVbml0eVBlcnNvbmFsXXXX
  Product: Unity Personal Version
  Type: Assigned
  Expiration: Unlimited
========================================================================
Worker process is ready to serve import requests
Import Worker Mode flag is 0x00
Begin MonoManager ReloadAssembly
Native extension for WindowsStandalone target not found
[Package Manager] Failed to launch server process. Reason: Unity was launched with the -noUpm command-line argument
[Package Manager] Unable to send message (not connected to server process).
[Package Manager] Cannot connect to Unity Package Manager local server
ScheduleIndexationOnStartup MainProcess:False IndexOnStartup:True
Mono: successfully reloaded assembly
- Finished resetting the current domain, in  0.274 seconds
Domain Reload Profiling: 618ms
	BeginReloadAssembly (201ms)
		DisableScriptedObjects (13ms)
		CreateAndSetChildDomain (28ms)
	RebuildCommonClasses (6ms)
	RebuildNativeTypeToScriptingClass (12ms)
	initialDomainReloadingComplete (38ms)
	LoadAllAssembliesAndSetupDomain (85ms)
		LoadAssemblies (106ms)
		AnalyzeDomain (16ms)
			TypeCache.Refresh (9ms)
				TypeCache.ScanAssembly (5ms)
			BuildScriptInfoCaches (4ms)
	FinalizeReload (276ms)
		SetupLoadedEditorAssemblies (0ms)
			BeforeProcessingInitializeOnLoad (66ms)
			ProcessInitializeOnLoadAttributes (52ms)
			ProcessInitializeOnLoadMethodAttributes (48ms)
		AwakeInstancesAfterBackupRestoration (11ms)
AcceleratorClientConnectionCallback - disconnected - :0
Launched and connected shader compiler UnityShaderCompiler.exe after 0.01 seconds
Unloading 0 Unused Serialized files (Serialized files now loaded: 0)
Curl error 3: URL rejected: Malformed input to a URL function
Unloading 446 unused Assets / (158.3 KB). Loaded Objects now: 1059.
Memory consumption went from 161.0 MB to 160.8 MB.
Total: 2.853000 ms (FindLiveObjects: 0.071800 ms CreateObjectMapping: 0.052700 ms MarkObjects: 2.569300 ms  DeleteObjects: 0.157400 ms)

========================================================================
Received Prepare
AcceleratorClientConnectionCallback - disconnected - :0
Begin MonoManager ReloadAssembly
[Licensing::Client] Successfully resolved entitlement details
[Licensing::Module] License group:
  Id: F4-TTCD-DKTU-8844-ZNFX-XXXX
  Product: Unity Personal
  Type: ULF
  Expiration: 2026-10-12T09:52:43Z
[Licensing::Module] License group:
  Id: ewogICJzdWJzR3JvdXAiIDogInVuaXR5IGVkaXRvciIsCiAgIm5hbWVzcGFjZSIgOiAidW5pdHlfZWRpdG9yIiwKICAidHlwZSIgOiAiRURJVE9SIiwKICAidGFnIiA6ICJVbml0eVBlcnNvbmFsXXXX
  Product: Unity Personal Version
  Type: Assigned
  Expiration: Unlimited
Native extension for WindowsStandalone target not found
[Package Manager] Failed to launch server process. Reason: Unity was launched with the -noUpm command-line argument
[Package Manager] Unable to send message (not connected to server process).
[Package Manager] Cannot connect to Unity Package Manager local server
ScheduleIndexationOnStartup MainProcess:False IndexOnStartup:True
Mono: successfully reloaded assembly
- Finished resetting the current domain, in  0.302 seconds
Domain Reload Profiling: 630ms
	BeginReloadAssembly (194ms)
		DisableScriptedObjects (17ms)
		CreateAndSetChildDomain (19ms)
	RebuildCommonClasses (6ms)
	RebuildNativeTypeToScriptingClass (12ms)
	initialDomainReloadingComplete (41ms)
	LoadAllAssembliesAndSetupDomain (72ms)
		LoadAssemblies (122ms)
		AnalyzeDomain (7ms)
			TypeCache.Refresh (4ms)
	FinalizeReload (306ms)
		SetupLoadedEditorAssemblies (0ms)
			BeforeProcessingInitializeOnLoad (64ms)
			ProcessInitializeOnLoadAttributes (68ms)
			ProcessInitializeOnLoadMethodAttributes (59ms)
		AwakeInstancesAfterBackupRestoration (15ms)
Unloading 0 Unused Serialized files (Serialized files now loaded: 0)
Unloading 443 unused Assets / (52.9 KB). Loaded Objects now: 1059.
Memory consumption went from 160.4 MB to 160.3 MB.
Total: 3.148000 ms (FindLiveObjects: 0.085400 ms CreateObjectMapping: 0.076500 ms MarkObjects: 2.882200 ms  DeleteObjects: 0.102700 ms)

Prepare: number of updated asset objects reloaded= 0
========================================================================
Received Prepare
AcceleratorClientConnectionCallback - disconnected - :0
Unloading 0 Unused Serialized files (Serialized files now loaded: 0)
Unloading 1 unused Assets / (0 B). Loaded Objects now: 1059.
Memory consumption went from 160.4 MB to 160.4 MB.
Total: 2.658500 ms (FindLiveObjects: 0.060300 ms CreateObjectMapping: 0.021200 ms MarkObjects: 2.564300 ms  DeleteObjects: 0.012200 ms)

Prepare: number of updated asset objects reloaded= 0
========================================================================
Received Import Request.
  Time of request: 2026-10-02T09:36:08.0149475Z
  Time since last request: 1361525.18695409991778 seconds.
  importAddress: GUID: eaa2eef9fe0bdfc478ed65b75a59ddc4 - Path: Assets/New Folder - Importer: PreviewImporter
Importing 'GUID: eaa2eef9fe0bdfc478ed65b75a59ddc4 - Path: Assets/New Folder - Importer: PreviewImporter' with importer (PreviewImporter)
Imported 'GUID: eaa2eef9fe0bdfc478ed65b75a59ddc4' -> (Import Result ID: '20439fa4da0ea2e3a1c5fc0b1cbb7419') in 0.004 seconds [static and dynamic dependencies]. Details - ImportResultOutputID=ff99dbc2b85a0f7eff33cb47d3573d2f DependenciesID=b890393dc63afb08fff500037f09e782 StaticDependenciesID=0740b9a4427f95707c96a1ac8b68511c 
Number of updated asset objects reloaded before import = 0
Number of asset objects unloaded after import = 0
========================================================================
Received Import Request.
  Time of request: 2026-10-02T09:36:09.4057782Z
  Time since last request: 1.3856488 seconds.
  importAddress: GUID: eaa2eef9fe0bdfc478ed65b75a59ddc4 - Path: Assets/New Folder - Importer: ScriptedImporter/UnityEditor.QuickSearchModule:UnityEditor.Search:ASIAI0B
Importing 'GUID: eaa2eef9fe0bdfc478ed65b75a59ddc4 - Path: Assets/New Folder - Importer: ScriptedImporter/UnityEditor.QuickSearchModule:UnityEditor.Search:ASIAI0B' with importer (ScriptedImporter : UnityEditor.QuickSearchModule:UnityEditor.Search:ASIAI0B)
Imported 'GUID: eaa2eef9fe0bdfc478ed65b75a59ddc4' -> (Import Result ID: '8d69e51594e47f4f801455d3ee5b475f') in 0.038 seconds [static and dynamic dependencies]. Details - ImportResultOutputID=e9a979648da474de0c512cd23b570edc DependenciesID=89646fc8d3748b15595e24eca02c1196 StaticDependenciesID=dc84b66b97700fd63dce9d7dc09a75d5 
Number of updated asset objects reloaded before import = 0
Number of asset objects unloaded after import = 1
========================================================================
Received Import Request.
  Time of request: 2026-10-02T09:36:15.2069755Z
  Time since last request: 5.7630645 seconds.
  importAddress: GUID: eaa2eef9fe0bdfc478ed65b75a59ddc4 - Path: Assets/Editor - Importer: PreviewImporter
Importing 'GUID: eaa2eef9fe0bdfc478ed65b75a59ddc4 - Path: Assets/Editor - Importer: PreviewImporter' with importer (PreviewImporter)
Imported 'GUID: eaa2eef9fe0bdfc478ed65b75a59ddc4' -> (Import Result ID: '16ff9ef2edf33763cf15ddc267f2d764') in 0.000 seconds [static and dynamic dependencies]. Details - ImportResultOutputID=ff99dbc2b85a0f7eff33cb47d3573d2f DependenciesID=9d0af0ac184f6c5526cd4d556295add4 StaticDependenciesID=55f25ba9632e45a40edf52bb32a16d95 
Number of updated asset objects reloaded before import = 0
Number of asset objects unloaded after import = 0
========================================================================
Received Import Request.
  Time of request: 2026-10-02T09:36:16.1840748Z
  Time since last request: 0.9763672 seconds.
  importAddress: GUID: eaa2eef9fe0bdfc478ed65b75a59ddc4 - Path: Assets/Editor - Importer: ScriptedImporter/UnityEditor.QuickSearchModule:UnityEditor.Search:ASIAI0B
Importing 'GUID: eaa2eef9fe0bdfc478ed65b75a59ddc4 - Path: Assets/Editor - Importer: ScriptedImporter/UnityEditor.QuickSearchModule:UnityEditor.Search:ASIAI0B' with importer (ScriptedImporter : UnityEditor.QuickSearchModule:UnityEditor.Search:ASIAI0B)
Imported 'GUID: eaa2eef9fe0bdfc478ed65b75a59ddc4' -> (Import Result ID: '8d6676ee67b73fd525beec6e9ad19dc1') in 0.002 seconds [static and dynamic dependencies]. Details - ImportResultOutputID=7d973ea2b8918438769125175527355c DependenciesID=2fd50a15fb073554d7d95121c738f42b StaticDependenciesID=3380eefe489359905391831085133d45 
Number of updated asset objects reloaded before import = 0
Number of asset objects unloaded after import = 1
========================================================================
Received Prepare
AcceleratorClientConnectionCallback - disconnected - :0
Unloading 0 Unused Serialized files (Serialized files now loaded: 0)
Unloading 444 unused Assets / (44.7 KB). Loaded Objects now: 1062.
Memory consumption went from 161.6 MB to 161.5 MB.
Total: 3.174500 ms (FindLiveObjects: 0.061200 ms CreateObjectMapping: 0.048800 ms MarkObjects: 3.002900 ms  DeleteObjects: 0.061000 ms)

Prepare: number of updated asset objects reloaded= 0
========================================================================
Received Import Request.
  Time of request: 2026-10-02T09:36:45.0874232Z
  Time since last request: 28.901023 seconds.
  importAddress: GUID: cddcba93b6134cb41bfe0ad3b8e2719f - Path: Assets/Editor/ResaveOldAssets.cs - Importer: PreviewImporter
Importing 'GUID: cddcba93b6134cb41bfe0ad3b8e2719f - Path: Assets/Editor/ResaveOldAssets.cs - Importer: PreviewImporter' with importer (PreviewImporter)
Imported 'GUID: cddcba93b6134cb41bfe0ad3b8e2719f' -> (Import Result ID: '8746fe4b96872956340194e1eba5cbfd') in 0.000 seconds [static and dynamic dependencies]. Details - ImportResultOutputID=6de844cc3d7495beb6839ce37690ac9f DependenciesID=fbc49aa0d4d362b3f4a8275542065f16 StaticDependenciesID=4c58321d52c9de118df07314524f8a4f 
Number of updated asset objects reloaded before import = 0
Number of asset objects unloaded after import = 0
========================================================================
Received Import Request.
  Time of request: 2026-10-02T09:36:46.0450017Z
  Time since last request: 0.9569324 seconds.
  importAddress: GUID: cddcba93b6134cb41bfe0ad3b8e2719f - Path: Assets/Editor/ResaveOldAssets.cs - Importer: ScriptedImporter/UnityEditor.QuickSearchModule:UnityEditor.Search:ASIAI0B
Importing 'GUID: cddcba93b6134cb41bfe0ad3b8e2719f - Path: Assets/Editor/ResaveOldAssets.cs - Importer: ScriptedImporter/UnityEditor.QuickSearchModule:UnityEditor.Search:ASIAI0B' with importer (ScriptedImporter : UnityEditor.QuickSearchModule:UnityEditor.Search:ASIAI0B)
Imported 'GUID: cddcba93b6134cb41bfe0ad3b8e2719f' -> (Import Result ID: '4b70da1eedc41112c448a85025f592fb') in 0.027 seconds [static and dynamic dependencies]. Details - ImportResultOutputID=82f11d7f5eff6b1a643bb62326a8b80d DependenciesID=6febca88bbec699f7a7bdb6ea6d0299e StaticDependenciesID=8ed8c090490563c715bd7f76f2edcda1 
Number of updated asset objects reloaded before import = 0
Number of asset objects unloaded after import = 0
========================================================================
Received Prepare
AcceleratorClientConnectionCallback - disconnected - :0
Begin MonoManager ReloadAssembly
[Licensing::Client] Successfully resolved entitlement details
[Licensing::Module] License group:
  Id: F4-TTCD-DKTU-8844-ZNFX-XXXX
  Product: Unity Personal
  Type: ULF
  Expiration: 2026-10-12T09:52:43Z
[Licensing::Module] License group:
  Id: ewogICJzdWJzR3JvdXAiIDogInVuaXR5IGVkaXRvciIsCiAgIm5hbWVzcGFjZSIgOiAidW5pdHlfZWRpdG9yIiwKICAidHlwZSIgOiAiRURJVE9SIiwKICAidGFnIiA6ICJVbml0eVBlcnNvbmFsXXXX
  Product: Unity Personal Version
  Type: Assigned
  Expiration: Unlimited
Native extension for WindowsStandalone target not found
[Package Manager] Failed to launch server process. Reason: Unity was launched with the -noUpm command-line argument
[Package Manager] Unable to send message (not connected to server process).
[Package Manager] Cannot connect to Unity Package Manager local server
ScheduleIndexationOnStartup MainProcess:False IndexOnStartup:True
Mono: successfully reloaded assembly
- Finished resetting the current domain, in  0.324 seconds
Domain Reload Profiling: 779ms
	BeginReloadAssembly (277ms)
		DisableScriptedObjects (36ms)
		CreateAndSetChildDomain (30ms)
	RebuildCommonClasses (8ms)
	RebuildNativeTypeToScriptingClass (16ms)
	initialDomainReloadingComplete (51ms)
	LoadAllAssembliesAndSetupDomain (100ms)
		LoadAssemblies (169ms)
		AnalyzeDomain (17ms)
			TypeCache.Refresh (5ms)
			BuildScriptInfoCaches (9ms)
	FinalizeReload (325ms)
		SetupLoadedEditorAssemblies (0ms)
			BeforeProcessingInitializeOnLoad (74ms)
			ProcessInitializeOnLoadAttributes (67ms)
			ProcessInitializeOnLoadMethodAttributes (60ms)
		AwakeInstancesAfterBackupRestoration (14ms)
Unloading 0 Unused Serialized files (Serialized files now loaded: 0)
Unloading 445 unused Assets / (33.6 KB). Loaded Objects now: 1062.
Memory consumption went from 161.8 MB to 161.8 MB.
Total: 3.596300 ms (FindLiveObjects: 0.089000 ms CreateObjectMapping: 0.064700 ms MarkObjects: 3.353200 ms  DeleteObjects: 0.088500 ms)

Prepare: number of updated asset objects reloaded= 0
========================================================================
Received Import Request.
  Time of request: 2026-10-02T09:36:50.1767989Z
  Time since last request: 4.104469 seconds.
  importAddress: GUID: cddcba93b6134cb41bfe0ad3b8e2719f - Path: Assets/Editor/ResaveOldAssets.cs - Importer: PreviewImporter
Importing 'GUID: cddcba93b6134cb41bfe0ad3b8e2719f - Path: Assets/Editor/ResaveOldAssets.cs - Importer: PreviewImporter' with importer (PreviewImporter)
Imported 'GUID: cddcba93b6134cb41bfe0ad3b8e2719f' -> (Import Result ID: 'fed6711b00492f4b1eea5257b60a4939') in 0.001 seconds [static and dynamic dependencies]. Details - ImportResultOutputID=6de844cc3d7495beb6839ce37690ac9f DependenciesID=7c46e00ee9d9f27cad8b01024222892c StaticDependenciesID=4c58321d52c9de118df07314524f8a4f 
Number of updated asset objects reloaded before import = 0
Number of asset objects unloaded after import = 0
========================================================================
Received Prepare
AcceleratorClientConnectionCallback - disconnected - :0
Begin MonoManager ReloadAssembly
Native extension for WindowsStandalone target not found
[Package Manager] Failed to launch server process. Reason: Unity was launched with the -noUpm command-line argument
[Package Manager] Unable to send message (not connected to server process).
[Package Manager] Cannot connect to Unity Package Manager local server
ScheduleIndexationOnStartup MainProcess:False IndexOnStartup:True
Mono: successfully reloaded assembly
- Finished resetting the current domain, in  0.275 seconds
Domain Reload Profiling: 612ms
	BeginReloadAssembly (202ms)
		DisableScriptedObjects (34ms)
		CreateAndSetChildDomain (22ms)
	RebuildCommonClasses (6ms)
	RebuildNativeTypeToScriptingClass (12ms)
	initialDomainReloadingComplete (36ms)
	LoadAllAssembliesAndSetupDomain (79ms)
		LoadAssemblies (114ms)
		AnalyzeDomain (15ms)
			TypeCache.Refresh (6ms)
			BuildScriptInfoCaches (7ms)
	FinalizeReload (277ms)
		SetupLoadedEditorAssemblies (0ms)
			BeforeProcessingInitializeOnLoad (64ms)
			ProcessInitializeOnLoadAttributes (54ms)
			ProcessInitializeOnLoadMethodAttributes (50ms)
		AwakeInstancesAfterBackupRestoration (12ms)
Unloading 0 Unused Serialized files (Serialized files now loaded: 0)
Unloading 445 unused Assets / (39.5 KB). Loaded Objects now: 1062.
Memory consumption went from 163.9 MB to 163.9 MB.
Total: 2.592100 ms (FindLiveObjects: 0.074500 ms CreateObjectMapping: 0.057700 ms MarkObjects: 2.385600 ms  DeleteObjects: 0.073500 ms)

Prepare: number of updated asset objects reloaded= 0
========================================================================
Received Prepare
AcceleratorClientConnectionCallback - disconnected - :0
Begin MonoManager ReloadAssembly
Native extension for WindowsStandalone target not found
[Package Manager] Failed to launch server process. Reason: Unity was launched with the -noUpm command-line argument
[Package Manager] Unable to send message (not connected to server process).
[Package Manager] Cannot connect to Unity Package Manager local server
ScheduleIndexationOnStartup MainProcess:False IndexOnStartup:True
Mono: successfully reloaded assembly
- Finished resetting the current domain, in  0.316 seconds
Domain Reload Profiling: 646ms
	BeginReloadAssembly (199ms)
		DisableScriptedObjects (35ms)
		CreateAndSetChildDomain (21ms)
	RebuildCommonClasses (6ms)
	RebuildNativeTypeToScriptingClass (12ms)
	initialDomainReloadingComplete (38ms)
	LoadAllAssembliesAndSetupDomain (72ms)
		LoadAssemblies (113ms)
		AnalyzeDomain (7ms)
			TypeCache.Refresh (4ms)
	FinalizeReload (318ms)
		SetupLoadedEditorAssemblies (0ms)
			BeforeProcessingInitializeOnLoad (67ms)
			ProcessInitializeOnLoadAttributes (70ms)
			ProcessInitializeOnLoadMethodAttributes (63ms)
		AwakeInstancesAfterBackupRestoration (16ms)
Unloading 0 Unused Serialized files (Serialized files now loaded: 0)
Unloading 445 unused Assets / (45.5 KB). Loaded Objects now: 1062.
Memory consumption went from 165.9 MB to 165.9 MB.
Total: 2.851700 ms (FindLiveObjects: 0.084500 ms CreateObjectMapping: 0.063200 ms MarkObjects: 2.628000 ms  DeleteObjects: 0.075000 ms)

Prepare: number of updated asset objects reloaded= 0
========================================================================
Received Prepare
AcceleratorClientConnectionCallback - disconnected - :0
Begin MonoManager ReloadAssembly
Native extension for WindowsStandalone target not found
[Package Manager] Failed to launch server process. Reason: Unity was launched with the -noUpm command-line argument
[Package Manager] Unable to send message (not connected to server process).
[Package Manager] Cannot connect to Unity Package Manager local server
ScheduleIndexationOnStartup MainProcess:False IndexOnStartup:True
Mono: successfully reloaded assembly
- Finished resetting the current domain, in  0.323 seconds
Domain Reload Profiling: 662ms
	BeginReloadAssembly (205ms)
		DisableScriptedObjects (29ms)
		CreateAndSetChildDomain (22ms)
	RebuildCommonClasses (7ms)
	RebuildNativeTypeToScriptingClass (13ms)
	initialDomainReloadingComplete (41ms)
	LoadAllAssembliesAndSetupDomain (71ms)
		LoadAssemblies (123ms)
		AnalyzeDomain (7ms)
			TypeCache.Refresh (4ms)
	FinalizeReload (325ms)
		SetupLoadedEditorAssemblies (0ms)
			BeforeProcessingInitializeOnLoad (74ms)
			ProcessInitializeOnLoadAttributes (68ms)
			ProcessInitializeOnLoadMethodAttributes (67ms)
		AwakeInstancesAfterBackupRestoration (16ms)
Unloading 0 Unused Serialized files (Serialized files now loaded: 0)
Unloading 445 unused Assets / (76.4 KB). Loaded Objects now: 1062.
Memory consumption went from 167.7 MB to 167.6 MB.
Total: 3.135400 ms (FindLiveObjects: 0.070400 ms CreateObjectMapping: 0.061600 ms MarkObjects: 2.886900 ms  DeleteObjects: 0.115700 ms)

Prepare: number of updated asset objects reloaded= 0
========================================================================
Received Prepare
AcceleratorClientConnectionCallback - disconnected - :0
Unloading 0 Unused Serialized files (Serialized files now loaded: 0)
Unloading 1 unused Assets / (0 B). Loaded Objects now: 1062.
Memory consumption went from 167.8 MB to 167.8 MB.
Total: 2.810700 ms (FindLiveObjects: 0.046400 ms CreateObjectMapping: 0.021700 ms MarkObjects: 2.729200 ms  DeleteObjects: 0.012500 ms)

Prepare: number of updated asset objects reloaded= 0
Editor requested this worker to shutdown with reason: Editor is closing down
AcceleratorClientConnectionCallback - disconnected - :0
AssetImportWorker is now disconnected from the server
Process exiting
Exiting without the bug reporter. Application will terminate with return code 0